[2025-06-03T17:41:35.834+0700][gc,heap] Heap region size: 1M
[2025-06-03T17:41:35.845+0700][gc     ] Using G1
[2025-06-03T17:41:35.845+0700][gc,heap,coops] Heap address: 0x00000000c0000000, size: 1024 MB, Compressed Oops mode: 32-bit
[2025-06-03T17:41:35.845+0700][gc,cds       ] Mark closed archive regions in map: [0x00000000fff00000, 0x00000000fff6bff8]
[2025-06-03T17:41:35.845+0700][gc,cds       ] Mark open archive regions in map: [0x00000000ffe00000, 0x00000000ffe47ff8]
[2025-06-03T17:41:36.336+0700][gc,start     ] GC(0) Pause Young (Normal) (G1 Evacuation Pause)
[2025-06-03T17:41:36.337+0700][gc,task      ] GC(0) Using 10 workers of 10 for evacuation
[2025-06-03T17:41:36.340+0700][gc,phases    ] GC(0)   Pre Evacuate Collection Set: 0,0ms
[2025-06-03T17:41:36.340+0700][gc,phases    ] GC(0)   Evacuate Collection Set: 3,1ms
[2025-06-03T17:41:36.340+0700][gc,phases    ] GC(0)   Post Evacuate Collection Set: 0,2ms
[2025-06-03T17:41:36.340+0700][gc,phases    ] GC(0)   Other: 0,7ms
[2025-06-03T17:41:36.340+0700][gc,heap      ] GC(0) Eden regions: 51->0(44)
[2025-06-03T17:41:36.340+0700][gc,heap      ] GC(0) Survivor regions: 0->7(7)
[2025-06-03T17:41:36.340+0700][gc,heap      ] GC(0) Old regions: 2->2
[2025-06-03T17:41:36.340+0700][gc,heap      ] GC(0) Humongous regions: 0->0
[2025-06-03T17:41:36.340+0700][gc,metaspace ] GC(0) Metaspace: 15570K(16256K)->15570K(16256K) NonClass: 13615K(14080K)->13615K(14080K) Class: 1955K(2176K)->1955K(2176K)
[2025-06-03T17:41:36.340+0700][gc           ] GC(0) Pause Young (Normal) (G1 Evacuation Pause) 51M->7M(1024M) 4,200ms
[2025-06-03T17:41:36.340+0700][gc,cpu       ] GC(0) User=0,03s Sys=0,01s Real=0,00s
[2025-06-03T17:41:36.516+0700][gc,start     ] GC(1) Pause Young (Concurrent Start) (Metadata GC Threshold)
[2025-06-03T17:41:36.516+0700][gc,task      ] GC(1) Using 10 workers of 10 for evacuation
[2025-06-03T17:41:36.521+0700][gc,phases    ] GC(1)   Pre Evacuate Collection Set: 0,0ms
[2025-06-03T17:41:36.521+0700][gc,phases    ] GC(1)   Evacuate Collection Set: 5,4ms
[2025-06-03T17:41:36.521+0700][gc,phases    ] GC(1)   Post Evacuate Collection Set: 0,2ms
[2025-06-03T17:41:36.521+0700][gc,phases    ] GC(1)   Other: 0,1ms
[2025-06-03T17:41:36.521+0700][gc,heap      ] GC(1) Eden regions: 21->0(49)
[2025-06-03T17:41:36.521+0700][gc,heap      ] GC(1) Survivor regions: 7->2(7)
[2025-06-03T17:41:36.521+0700][gc,heap      ] GC(1) Old regions: 2->9
[2025-06-03T17:41:36.521+0700][gc,heap      ] GC(1) Humongous regions: 0->0
[2025-06-03T17:41:36.521+0700][gc,metaspace ] GC(1) Metaspace: 20559K(21248K)->20559K(21248K) NonClass: 18025K(18432K)->18025K(18432K) Class: 2534K(2816K)->2534K(2816K)
[2025-06-03T17:41:36.521+0700][gc           ] GC(1) Pause Young (Concurrent Start) (Metadata GC Threshold) 28M->8M(1024M) 5,790ms
[2025-06-03T17:41:36.521+0700][gc,cpu       ] GC(1) User=0,02s Sys=0,01s Real=0,00s
[2025-06-03T17:41:36.521+0700][gc           ] GC(2) Concurrent Cycle
[2025-06-03T17:41:36.521+0700][gc,marking   ] GC(2) Concurrent Clear Claimed Marks
[2025-06-03T17:41:36.521+0700][gc,marking   ] GC(2) Concurrent Clear Claimed Marks 0,011ms
[2025-06-03T17:41:36.521+0700][gc,marking   ] GC(2) Concurrent Scan Root Regions
[2025-06-03T17:41:36.522+0700][gc,marking   ] GC(2) Concurrent Scan Root Regions 0,547ms
[2025-06-03T17:41:36.522+0700][gc,marking   ] GC(2) Concurrent Mark (0,690s)
[2025-06-03T17:41:36.522+0700][gc,marking   ] GC(2) Concurrent Mark From Roots
[2025-06-03T17:41:36.522+0700][gc,task      ] GC(2) Using 3 workers of 3 for marking
[2025-06-03T17:41:36.524+0700][gc,marking   ] GC(2) Concurrent Mark From Roots 1,917ms
[2025-06-03T17:41:36.524+0700][gc,marking   ] GC(2) Concurrent Preclean
[2025-06-03T17:41:36.524+0700][gc,marking   ] GC(2) Concurrent Preclean 0,074ms
[2025-06-03T17:41:36.524+0700][gc,marking   ] GC(2) Concurrent Mark (0,690s, 0,692s) 2,014ms
[2025-06-03T17:41:36.524+0700][gc,start     ] GC(2) Pause Remark
[2025-06-03T17:41:36.525+0700][gc,stringtable] GC(2) Cleaned string and symbol table, strings: 5586 processed, 0 removed, symbols: 50780 processed, 46 removed
[2025-06-03T17:41:36.525+0700][gc            ] GC(2) Pause Remark 8M->8M(1024M) 1,209ms
[2025-06-03T17:41:36.525+0700][gc,cpu        ] GC(2) User=0,01s Sys=0,00s Real=0,00s
[2025-06-03T17:41:36.525+0700][gc,marking    ] GC(2) Concurrent Rebuild Remembered Sets
[2025-06-03T17:41:36.526+0700][gc,marking    ] GC(2) Concurrent Rebuild Remembered Sets 1,038ms
[2025-06-03T17:41:36.527+0700][gc,start      ] GC(2) Pause Cleanup
[2025-06-03T17:41:36.527+0700][gc            ] GC(2) Pause Cleanup 8M->8M(1024M) 0,242ms
[2025-06-03T17:41:36.527+0700][gc,cpu        ] GC(2) User=0,01s Sys=0,00s Real=0,00s
[2025-06-03T17:41:36.527+0700][gc,marking    ] GC(2) Concurrent Cleanup for Next Mark
[2025-06-03T17:41:36.529+0700][gc,marking    ] GC(2) Concurrent Cleanup for Next Mark 2,425ms
[2025-06-03T17:41:36.529+0700][gc            ] GC(2) Concurrent Cycle 7,826ms
[2025-06-03T17:41:36.906+0700][gc,start      ] GC(3) Pause Young (Normal) (G1 Evacuation Pause)
[2025-06-03T17:41:36.906+0700][gc,task       ] GC(3) Using 10 workers of 10 for evacuation
[2025-06-03T17:41:36.907+0700][gc,phases     ] GC(3)   Pre Evacuate Collection Set: 0,0ms
[2025-06-03T17:41:36.907+0700][gc,phases     ] GC(3)   Evacuate Collection Set: 1,4ms
[2025-06-03T17:41:36.907+0700][gc,phases     ] GC(3)   Post Evacuate Collection Set: 0,2ms
[2025-06-03T17:41:36.907+0700][gc,phases     ] GC(3)   Other: 0,1ms
[2025-06-03T17:41:36.907+0700][gc,heap       ] GC(3) Eden regions: 49->0(46)
[2025-06-03T17:41:36.907+0700][gc,heap       ] GC(3) Survivor regions: 2->5(7)
[2025-06-03T17:41:36.907+0700][gc,heap       ] GC(3) Old regions: 9->9
[2025-06-03T17:41:36.907+0700][gc,heap       ] GC(3) Humongous regions: 129->129
[2025-06-03T17:41:36.907+0700][gc,metaspace  ] GC(3) Metaspace: 29840K(31100K)->29840K(31100K) NonClass: 26334K(27132K)->26334K(27132K) Class: 3505K(3968K)->3505K(3968K)
[2025-06-03T17:41:36.907+0700][gc            ] GC(3) Pause Young (Normal) (G1 Evacuation Pause) 186M->141M(1024M) 1,673ms
[2025-06-03T17:41:36.907+0700][gc,cpu        ] GC(3) User=0,02s Sys=0,00s Real=0,00s
[2025-06-03T17:41:37.007+0700][gc,start      ] GC(4) Pause Young (Concurrent Start) (Metadata GC Threshold)
[2025-06-03T17:41:37.007+0700][gc,task       ] GC(4) Using 10 workers of 10 for evacuation
[2025-06-03T17:41:37.011+0700][gc,phases     ] GC(4)   Pre Evacuate Collection Set: 0,1ms
[2025-06-03T17:41:37.011+0700][gc,phases     ] GC(4)   Evacuate Collection Set: 3,1ms
[2025-06-03T17:41:37.011+0700][gc,phases     ] GC(4)   Post Evacuate Collection Set: 0,2ms
[2025-06-03T17:41:37.011+0700][gc,phases     ] GC(4)   Other: 0,1ms
[2025-06-03T17:41:37.011+0700][gc,heap       ] GC(4) Eden regions: 22->0(49)
[2025-06-03T17:41:37.011+0700][gc,heap       ] GC(4) Survivor regions: 5->2(7)
[2025-06-03T17:41:37.011+0700][gc,heap       ] GC(4) Old regions: 9->14
[2025-06-03T17:41:37.011+0700][gc,heap       ] GC(4) Humongous regions: 129->129
[2025-06-03T17:41:37.011+0700][gc,metaspace  ] GC(4) Metaspace: 34594K(36048K)->34594K(36048K) NonClass: 30452K(31228K)->30452K(31228K) Class: 4141K(4820K)->4141K(4820K)
[2025-06-03T17:41:37.011+0700][gc            ] GC(4) Pause Young (Concurrent Start) (Metadata GC Threshold) 162M->142M(1024M) 3,680ms
[2025-06-03T17:41:37.011+0700][gc,cpu        ] GC(4) User=0,02s Sys=0,01s Real=0,00s
[2025-06-03T17:41:37.011+0700][gc            ] GC(5) Concurrent Cycle
[2025-06-03T17:41:37.011+0700][gc,marking    ] GC(5) Concurrent Clear Claimed Marks
[2025-06-03T17:41:37.011+0700][gc,marking    ] GC(5) Concurrent Clear Claimed Marks 0,021ms
[2025-06-03T17:41:37.011+0700][gc,marking    ] GC(5) Concurrent Scan Root Regions
[2025-06-03T17:41:37.012+0700][gc,marking    ] GC(5) Concurrent Scan Root Regions 0,692ms
[2025-06-03T17:41:37.012+0700][gc,marking    ] GC(5) Concurrent Mark (1,179s)
[2025-06-03T17:41:37.012+0700][gc,marking    ] GC(5) Concurrent Mark From Roots
[2025-06-03T17:41:37.012+0700][gc,task       ] GC(5) Using 3 workers of 3 for marking
[2025-06-03T17:41:37.017+0700][gc,marking    ] GC(5) Concurrent Mark From Roots 5,177ms
[2025-06-03T17:41:37.017+0700][gc,marking    ] GC(5) Concurrent Preclean
[2025-06-03T17:41:37.017+0700][gc,marking    ] GC(5) Concurrent Preclean 0,158ms
[2025-06-03T17:41:37.017+0700][gc,marking    ] GC(5) Concurrent Mark (1,179s, 1,185s) 5,382ms
[2025-06-03T17:41:37.017+0700][gc,start      ] GC(5) Pause Remark
[2025-06-03T17:41:37.019+0700][gc,stringtable] GC(5) Cleaned string and symbol table, strings: 11328 processed, 11 removed, symbols: 82980 processed, 17 removed
[2025-06-03T17:41:37.019+0700][gc            ] GC(5) Pause Remark 143M->143M(1024M) 1,542ms
[2025-06-03T17:41:37.019+0700][gc,cpu        ] GC(5) User=0,01s Sys=0,00s Real=0,00s
[2025-06-03T17:41:37.019+0700][gc,marking    ] GC(5) Concurrent Rebuild Remembered Sets
[2025-06-03T17:41:37.021+0700][gc,marking    ] GC(5) Concurrent Rebuild Remembered Sets 2,415ms
[2025-06-03T17:41:37.021+0700][gc,start      ] GC(5) Pause Cleanup
[2025-06-03T17:41:37.021+0700][gc            ] GC(5) Pause Cleanup 144M->144M(1024M) 0,111ms
[2025-06-03T17:41:37.021+0700][gc,cpu        ] GC(5) User=0,00s Sys=0,00s Real=0,00s
[2025-06-03T17:41:37.021+0700][gc,marking    ] GC(5) Concurrent Cleanup for Next Mark
[2025-06-03T17:41:37.024+0700][gc,marking    ] GC(5) Concurrent Cleanup for Next Mark 2,629ms
[2025-06-03T17:41:37.024+0700][gc            ] GC(5) Concurrent Cycle 13,084ms
[2025-06-03T18:04:36.499+0700][gc,start      ] GC(6) Pause Young (Normal) (G1 Evacuation Pause)
[2025-06-03T18:04:36.499+0700][gc,task       ] GC(6) Using 10 workers of 10 for evacuation
[2025-06-03T18:04:36.501+0700][gc,phases     ] GC(6)   Pre Evacuate Collection Set: 0,0ms
[2025-06-03T18:04:36.501+0700][gc,phases     ] GC(6)   Evacuate Collection Set: 1,4ms
[2025-06-03T18:04:36.501+0700][gc,phases     ] GC(6)   Post Evacuate Collection Set: 0,3ms
[2025-06-03T18:04:36.501+0700][gc,phases     ] GC(6)   Other: 0,1ms
[2025-06-03T18:04:36.501+0700][gc,heap       ] GC(6) Eden regions: 49->0(47)
[2025-06-03T18:04:36.501+0700][gc,heap       ] GC(6) Survivor regions: 2->4(7)
[2025-06-03T18:04:36.501+0700][gc,heap       ] GC(6) Old regions: 14->14
[2025-06-03T18:04:36.501+0700][gc,heap       ] GC(6) Humongous regions: 129->129
[2025-06-03T18:04:36.501+0700][gc,metaspace  ] GC(6) Metaspace: 40525K(43036K)->40525K(43036K) NonClass: 35251K(36604K)->35251K(36604K) Class: 5274K(6432K)->5274K(6432K)
[2025-06-03T18:04:36.501+0700][gc            ] GC(6) Pause Young (Normal) (G1 Evacuation Pause) 191M->144M(1024M) 1,814ms
[2025-06-03T18:04:36.501+0700][gc,cpu        ] GC(6) User=0,02s Sys=0,00s Real=0,00s
[2025-06-03T18:45:56.499+0700][gc,start      ] GC(7) Pause Young (Normal) (G1 Evacuation Pause)
[2025-06-03T18:45:56.499+0700][gc,task       ] GC(7) Using 10 workers of 10 for evacuation
[2025-06-03T18:45:56.502+0700][gc,phases     ] GC(7)   Pre Evacuate Collection Set: 0,0ms
[2025-06-03T18:45:56.502+0700][gc,phases     ] GC(7)   Evacuate Collection Set: 1,4ms
[2025-06-03T18:45:56.502+0700][gc,phases     ] GC(7)   Post Evacuate Collection Set: 0,8ms
[2025-06-03T18:45:56.502+0700][gc,phases     ] GC(7)   Other: 0,1ms
[2025-06-03T18:45:56.502+0700][gc,heap       ] GC(7) Eden regions: 47->0(47)
[2025-06-03T18:45:56.502+0700][gc,heap       ] GC(7) Survivor regions: 4->4(7)
[2025-06-03T18:45:56.502+0700][gc,heap       ] GC(7) Old regions: 14->14
[2025-06-03T18:45:56.502+0700][gc,heap       ] GC(7) Humongous regions: 129->129
[2025-06-03T18:45:56.502+0700][gc,metaspace  ] GC(7) Metaspace: 40960K(43548K)->40960K(43548K) NonClass: 35680K(37116K)->35680K(37116K) Class: 5280K(6432K)->5280K(6432K)
[2025-06-03T18:45:56.502+0700][gc            ] GC(7) Pause Young (Normal) (G1 Evacuation Pause) 191M->144M(1024M) 2,489ms
[2025-06-03T18:45:56.502+0700][gc,cpu        ] GC(7) User=0,02s Sys=0,00s Real=0,00s
[2025-06-03T19:27:44.255+0700][gc,start      ] GC(8) Pause Young (Normal) (G1 Evacuation Pause)
[2025-06-03T19:27:44.255+0700][gc,task       ] GC(8) Using 10 workers of 10 for evacuation
[2025-06-03T19:27:44.257+0700][gc,phases     ] GC(8)   Pre Evacuate Collection Set: 0,0ms
[2025-06-03T19:27:44.257+0700][gc,phases     ] GC(8)   Evacuate Collection Set: 1,8ms
[2025-06-03T19:27:44.257+0700][gc,phases     ] GC(8)   Post Evacuate Collection Set: 0,5ms
[2025-06-03T19:27:44.257+0700][gc,phases     ] GC(8)   Other: 0,2ms
[2025-06-03T19:27:44.257+0700][gc,heap       ] GC(8) Eden regions: 47->0(47)
[2025-06-03T19:27:44.257+0700][gc,heap       ] GC(8) Survivor regions: 4->4(7)
[2025-06-03T19:27:44.257+0700][gc,heap       ] GC(8) Old regions: 14->14
[2025-06-03T19:27:44.257+0700][gc,heap       ] GC(8) Humongous regions: 129->129
[2025-06-03T19:27:44.257+0700][gc,metaspace  ] GC(8) Metaspace: 41045K(43548K)->41045K(43548K) NonClass: 35765K(37116K)->35765K(37116K) Class: 5280K(6432K)->5280K(6432K)
[2025-06-03T19:27:44.257+0700][gc            ] GC(8) Pause Young (Normal) (G1 Evacuation Pause) 191M->144M(1024M) 2,507ms
[2025-06-03T19:27:44.257+0700][gc,cpu        ] GC(8) User=0,02s Sys=0,00s Real=0,00s
